[0m11:44:11.343227 [debug] [MainThread]: Sending event: {'category': 'dbt', 'action': 'invocation', 'label': 'start', 'context': [<snowplow_tracker.self_describing_json.SelfDescribingJson object at 0x7f5f432dc200>, <snowplow_tracker.self_describing_json.SelfDescribingJson object at 0x7f5f41937320>, <snowplow_tracker.self_describing_json.SelfDescribingJson object at 0x7f5f40f6ae40>]}


============================== 11:44:11.403764 | 5cce6473-79bd-4c7a-9c5a-fb7bb72ba434 ==============================
[0m11:44:11.403764 [info ] [MainThread]: Running with dbt=1.11.11
[0m11:44:11.407528 [debug] [MainThread]: running dbt with arguments {'partial_parse': 'True', 'debug': 'False', 'cache_selected_only': 'False', 'log_path': 'logs', 'warn_error': 'None', 'log_cache_events': 'False', 'printer_width': '80', 'warn_error_options': 'WarnErrorOptionsV2(error=[], warn=[], silence=[])', 'invocation_command': 'dbt init olist_dbt', 'no_print': 'None', 'log_format': 'default', 'profiles_dir': '/home/ubuntu/.dbt', 'empty': 'None', 'quiet': 'False', 'write_json': 'True', 'version_check': 'True', 'use_experimental_parser': 'False', 'target_path': 'None', 'fail_fast': 'False', 'use_colors': 'True', 'introspect': 'True', 'indirect_selection': 'eager', 'send_anonymous_usage_stats': 'True', 'static_parser': 'True'}
[0m11:44:12.837230 [info ] [MainThread]: Creating dbt configuration folder at /home/ubuntu/.dbt
[0m11:44:13.056508 [debug] [MainThread]: Starter project path: /mnt/d/Practise Projects/E-commerce/venv-linux/lib/python3.12/site-packages/dbt/include/starter_project
[0m11:44:14.344192 [info ] [MainThread]: 
Your new dbt project "olist_dbt" was created!

For more information on how to configure the profiles.yml file,
please consult the dbt documentation here:

  https://docs.getdbt.com/docs/configure-your-profile

One more thing:

Need help? Don't hesitate to reach out to us via GitHub issues or on Slack:

  https://community.getdbt.com/

Happy modeling!

[0m11:44:14.346073 [info ] [MainThread]: Setting up your profile.
[0m11:48:02.026824 [info ] [MainThread]: Profile olist_dbt written to /home/ubuntu/.dbt/profiles.yml using target's profile_template.yml and your supplied values. Run 'dbt debug' to validate the connection.
[0m11:48:02.038682 [debug] [MainThread]: Resource report: {"command_name": "init", "command_success": true, "command_wall_clock_time": 227.8075, "process_in_blocks": "52920", "process_kernel_time": 1.397389, "process_mem_max_rss": "107864", "process_out_blocks": "8", "process_user_time": 2.763725}
[0m11:48:02.041931 [debug] [MainThread]: Command `dbt init` succeeded at 11:48:02.041709 after 227.81 seconds
[0m11:48:02.044467 [debug] [MainThread]: Sending event: {'category': 'dbt', 'action': 'invocation', 'label': 'end', 'context': [<snowplow_tracker.self_describing_json.SelfDescribingJson object at 0x7f5f4182e420>, <snowplow_tracker.self_describing_json.SelfDescribingJson object at 0x7f5f404b5670>, <snowplow_tracker.self_describing_json.SelfDescribingJson object at 0x7f5f414a0380>]}
[0m11:48:02.046919 [debug] [MainThread]: Flushing usage events
[0m11:48:02.248151 [debug] [MainThread]: An error was encountered while trying to flush usage events
[0m11:49:10.303624 [debug] [MainThread]: Sending event: {'category': 'dbt', 'action': 'invocation', 'label': 'start', 'context': [<snowplow_tracker.self_describing_json.SelfDescribingJson object at 0x7f45849a8fb0>, <snowplow_tracker.self_describing_json.SelfDescribingJson object at 0x7f45821f36b0>, <snowplow_tracker.self_describing_json.SelfDescribingJson object at 0x7f45825a2fc0>]}


============================== 11:49:10.331029 | 9925ecd1-6caa-4a67-aab4-5e0161af4b71 ==============================
[0m11:49:10.331029 [info ] [MainThread]: Running with dbt=1.11.11
[0m11:49:10.342804 [debug] [MainThread]: running dbt with arguments {'fail_fast': 'False', 'version_check': 'True', 'no_print': 'None', 'target_path': 'None', 'use_colors': 'True', 'profiles_dir': '/home/ubuntu/.dbt', 'log_path': 'logs', 'send_anonymous_usage_stats': 'True', 'log_cache_events': 'False', 'indirect_selection': 'eager', 'quiet': 'False', 'cache_selected_only': 'False', 'invocation_command': 'dbt debug', 'log_format': 'default', 'static_parser': 'True', 'empty': 'None', 'printer_width': '80', 'partial_parse': 'True', 'debug': 'False', 'write_json': 'True', 'introspect': 'True', 'warn_error_options': 'WarnErrorOptionsV2(error=[], warn=[], silence=[])', 'warn_error': 'None', 'use_experimental_parser': 'False'}
[0m11:49:10.945268 [info ] [MainThread]: dbt version: 1.11.11
[0m11:49:10.948733 [info ] [MainThread]: python version: 3.12.3
[0m11:49:10.951825 [info ] [MainThread]: python path: /mnt/d/Practise Projects/E-commerce/venv-linux/bin/python3
[0m11:49:10.956310 [info ] [MainThread]: os info: Linux-5.15.153.1-microsoft-standard-WSL2-x86_64-with-glibc2.39
[0m11:49:12.427010 [info ] [MainThread]: Using profiles dir at /home/ubuntu/.dbt
[0m11:49:12.430764 [info ] [MainThread]: Using profiles.yml file at /home/ubuntu/.dbt/profiles.yml
[0m11:49:12.438753 [info ] [MainThread]: Using dbt_project.yml file at /mnt/d/Practise Projects/E-commerce/dbt_project.yml
[0m11:49:12.533517 [info ] [MainThread]: adapter type: postgres
[0m11:49:12.539014 [info ] [MainThread]: adapter version: 1.10.0
[0m11:49:12.546454 [info ] [MainThread]: Configuration:
[0m11:49:12.550182 [info ] [MainThread]:   profiles.yml file [[32mOK found and valid[0m]
[0m11:49:12.552671 [info ] [MainThread]:   dbt_project.yml file [[31mERROR not found[0m]
[0m11:49:12.555963 [info ] [MainThread]: Required dependencies:
[0m11:49:12.559909 [debug] [MainThread]: Executing "git --help"
[0m11:49:12.587717 [debug] [MainThread]: STDOUT: "b"usage: git [-v | --version] [-h | --help] [-C <path>] [-c <name>=<value>]\n           [--exec-path[=<path>]] [--html-path] [--man-path] [--info-path]\n           [-p | --paginate | -P | --no-pager] [--no-replace-objects] [--bare]\n           [--git-dir=<path>] [--work-tree=<path>] [--namespace=<name>]\n           [--config-env=<name>=<envvar>] <command> [<args>]\n\nThese are common Git commands used in various situations:\n\nstart a working area (see also: git help tutorial)\n   clone     Clone a repository into a new directory\n   init      Create an empty Git repository or reinitialize an existing one\n\nwork on the current change (see also: git help everyday)\n   add       Add file contents to the index\n   mv        Move or rename a file, a directory, or a symlink\n   restore   Restore working tree files\n   rm        Remove files from the working tree and from the index\n\nexamine the history and state (see also: git help revisions)\n   bisect    Use binary search to find the commit that introduced a bug\n   diff      Show changes between commits, commit and working tree, etc\n   grep      Print lines matching a pattern\n   log       Show commit logs\n   show      Show various types of objects\n   status    Show the working tree status\n\ngrow, mark and tweak your common history\n   branch    List, create, or delete branches\n   commit    Record changes to the repository\n   merge     Join two or more development histories together\n   rebase    Reapply commits on top of another base tip\n   reset     Reset current HEAD to the specified state\n   switch    Switch branches\n   tag       Create, list, delete or verify a tag object signed with GPG\n\ncollaborate (see also: git help workflows)\n   fetch     Download objects and refs from another repository\n   pull      Fetch from and integrate with another repository or a local branch\n   push      Update remote refs along with associated objects\n\n'git help -a' and 'git help -g' list available subcommands and some\nconcept guides. See 'git help <command>' or 'git help <concept>'\nto read about a specific subcommand or concept.\nSee 'git help git' for an overview of the system.\n""
[0m11:49:12.593609 [debug] [MainThread]: STDERR: "b''"
[0m11:49:12.598285 [info ] [MainThread]:  - git [[32mOK found[0m]

[0m11:49:12.602633 [info ] [MainThread]: Connection:
[0m11:49:12.606412 [info ] [MainThread]:   host: localhost
[0m11:49:12.611376 [info ] [MainThread]:   port: 5432
[0m11:49:12.615991 [info ] [MainThread]:   user: olist
[0m11:49:12.619884 [info ] [MainThread]:   database: olist_dw
[0m11:49:12.624835 [info ] [MainThread]:   schema: public
[0m11:49:12.630178 [info ] [MainThread]:   connect_timeout: 10
[0m11:49:12.635260 [info ] [MainThread]:   role: None
[0m11:49:12.637919 [info ] [MainThread]:   search_path: None
[0m11:49:12.641202 [info ] [MainThread]:   keepalives_idle: 0
[0m11:49:12.644763 [info ] [MainThread]:   sslmode: None
[0m11:49:12.647244 [info ] [MainThread]:   sslcert: None
[0m11:49:12.649875 [info ] [MainThread]:   sslkey: None
[0m11:49:12.652672 [info ] [MainThread]:   sslrootcert: None
[0m11:49:12.654935 [info ] [MainThread]:   application_name: dbt
[0m11:49:12.658060 [info ] [MainThread]:   retries: 1
[0m11:49:12.666780 [info ] [MainThread]: Registered adapter: postgres=1.10.0
[0m11:49:34.244105 [debug] [MainThread]: Acquiring new postgres connection 'debug'
[0m11:49:42.614407 [error] [MainThread]: Encountered an error:

[0m11:49:43.205997 [error] [MainThread]: Traceback (most recent call last):
  File "/mnt/d/Practise Projects/E-commerce/venv-linux/lib/python3.12/site-packages/dbt/cli/requires.py", line 182, in wrapper
    result, success = func(*args, **kwargs)
                      ^^^^^^^^^^^^^^^^^^^^^
  File "/mnt/d/Practise Projects/E-commerce/venv-linux/lib/python3.12/site-packages/dbt/cli/requires.py", line 128, in wrapper
    return func(*args, **kwargs)
           ^^^^^^^^^^^^^^^^^^^^^
  File "/mnt/d/Practise Projects/E-commerce/venv-linux/lib/python3.12/site-packages/dbt/cli/main.py", line 425, in debug
    results = task.run()
              ^^^^^^^^^^
  File "/mnt/d/Practise Projects/E-commerce/venv-linux/lib/python3.12/site-packages/dbt/task/debug.py", line 144, in run
    connection_status = self.test_connection()
                        ^^^^^^^^^^^^^^^^^^^^^^
  File "/mnt/d/Practise Projects/E-commerce/venv-linux/lib/python3.12/site-packages/dbt/task/debug.py", line 465, in test_connection
    connection_result = self.attempt_connection(self.profile)
                        ^^^^^^^^^^^^^^^^^^^^^^^^^^^^^^^^^^^^^
  File "/mnt/d/Practise Projects/E-commerce/venv-linux/lib/python3.12/site-packages/dbt/task/debug.py", line 443, in attempt_connection
    adapter.debug_query()
  File "/mnt/d/Practise Projects/E-commerce/venv-linux/lib/python3.12/site-packages/dbt/adapters/postgres/impl.py", line 157, in debug_query
    self.execute("select 1 as id")
  File "/mnt/d/Practise Projects/E-commerce/venv-linux/lib/python3.12/site-packages/dbt_common/record.py", line 538, in record_replay_wrapper
    return func_to_record(*call_args, **kwargs)
           ^^^^^^^^^^^^^^^^^^^^^^^^^^^^^^^^^^^^
  File "/mnt/d/Practise Projects/E-commerce/venv-linux/lib/python3.12/site-packages/dbt/adapters/base/impl.py", line 508, in execute
    return self.connections.execute(sql=sql, auto_begin=auto_begin, fetch=fetch, limit=limit)
           ^^^^^^^^^^^^^^^^^^^^^^^^^^^^^^^^^^^^^^^^^^^^^^^^^^^^^^^^^^^^^^^^^^^^^^^^^^^^^^^^^^
  File "/mnt/d/Practise Projects/E-commerce/venv-linux/lib/python3.12/site-packages/dbt/adapters/sql/connections.py", line 216, in execute
    from dbt_common.clients.agate_helper import empty_table
  File "/mnt/d/Practise Projects/E-commerce/venv-linux/lib/python3.12/site-packages/dbt_common/clients/agate_helper.py", line 77, in <module>
    DEFAULT_TYPE_TESTER = build_type_tester(())
                          ^^^^^^^^^^^^^^^^^^^^^
  File "/mnt/d/Practise Projects/E-commerce/venv-linux/lib/python3.12/site-packages/dbt_common/clients/agate_helper.py", line 64, in build_type_tester
    Number(null_values=("null", "")),
    ^^^^^^^^^^^^^^^^^^^^^^^^^^^^^^^^
  File "/mnt/d/Practise Projects/E-commerce/venv-linux/lib/python3.12/site-packages/agate/data_types/number.py", line 48, in __init__
    number_symbols = self.locale.number_symbols.get('latn', self.locale.number_symbols)
                     ^^^^^^^^^^^^^^^^^^^^^^^^^^
  File "/mnt/d/Practise Projects/E-commerce/venv-linux/lib/python3.12/site-packages/babel/core.py", line 687, in number_symbols
    return self._data['number_symbols']
           ^^^^^^^^^^
  File "/mnt/d/Practise Projects/E-commerce/venv-linux/lib/python3.12/site-packages/babel/core.py", line 474, in _data
    self.__data = localedata.LocaleDataDict(localedata.load(self.__data_identifier))
                                            ^^^^^^^^^^^^^^^^^^^^^^^^^^^^^^^^^^^^^^^
  File "/mnt/d/Practise Projects/E-commerce/venv-linux/lib/python3.12/site-packages/babel/localedata.py", line 163, in load
    data = load(parent).copy()
           ^^^^^^^^^^^^
  File "/mnt/d/Practise Projects/E-commerce/venv-linux/lib/python3.12/site-packages/babel/localedata.py", line 163, in load
    data = load(parent).copy()
           ^^^^^^^^^^^^
  File "/mnt/d/Practise Projects/E-commerce/venv-linux/lib/python3.12/site-packages/babel/localedata.py", line 169, in load
    data = pickle.load(fileobj)
           ^^^^^^^^^^^^^^^^^^^^
  File "/mnt/d/Practise Projects/E-commerce/venv-linux/lib/python3.12/site-packages/babel/dates.py", line 35, in <module>
    from babel import localtime
  File "/mnt/d/Practise Projects/E-commerce/venv-linux/lib/python3.12/site-packages/babel/localtime/__init__.py", line 41, in <module>
    LOCALTZ = get_localzone()
              ^^^^^^^^^^^^^^^
  File "/mnt/d/Practise Projects/E-commerce/venv-linux/lib/python3.12/site-packages/babel/localtime/__init__.py", line 37, in get_localzone
    return _get_localzone()
           ^^^^^^^^^^^^^^^^
  File "/mnt/d/Practise Projects/E-commerce/venv-linux/lib/python3.12/site-packages/babel/localtime/_unix.py", line 55, in _get_localzone
    tzinfo = _get_tzinfo(zone_name)
             ^^^^^^^^^^^^^^^^^^^^^^
  File "/mnt/d/Practise Projects/E-commerce/venv-linux/lib/python3.12/site-packages/babel/localtime/_helpers.py", line 20, in _get_tzinfo
    return pytz.timezone(tzenv)
           ^^^^^^^^^^^^^^^^^^^^
  File "/mnt/d/Practise Projects/E-commerce/venv-linux/lib/python3.12/site-packages/pytz/__init__.py", line 191, in timezone
    if zone in all_timezones_set:  # noqa
       ^^^^^^^^^^^^^^^^^^^^^^^^^
  File "/mnt/d/Practise Projects/E-commerce/venv-linux/lib/python3.12/site-packages/pytz/lazy.py", line 154, in _lazy
    for i in fill_iter.pop():
  File "/mnt/d/Practise Projects/E-commerce/venv-linux/lib/python3.12/site-packages/pytz/lazy.py", line 101, in _lazy
    list.extend(self, fill_iter.pop())
  File "/mnt/d/Practise Projects/E-commerce/venv-linux/lib/python3.12/site-packages/pytz/__init__.py", line 1126, in <genexpr>
    tz for tz in _all_timezones_unchecked if resource_exists(tz))
                                             ^^^^^^^^^^^^^^^^^^^
  File "/mnt/d/Practise Projects/E-commerce/venv-linux/lib/python3.12/site-packages/pytz/__init__.py", line 131, in resource_exists
    open_resource(name).close()
    ^^^^^^^^^^^^^^^^^^^
  File "/mnt/d/Practise Projects/E-commerce/venv-linux/lib/python3.12/site-packages/pytz/__init__.py", line 118, in open_resource
    return open(filename, 'rb')
           ^^^^^^^^^^^^^^^^^^^^
KeyboardInterrupt

[0m11:49:43.215327 [debug] [MainThread]: Resource report: {"command_name": "debug", "command_success": false, "command_wall_clock_time": 32.328884, "process_in_blocks": "23576", "process_kernel_time": 2.077858, "process_mem_max_rss": "112144", "process_out_blocks": "8", "process_user_time": 3.37775}
[0m11:49:43.218885 [debug] [MainThread]: Command `dbt debug` failed at 11:49:43.218531 after 32.33 seconds
[0m11:49:43.221430 [debug] [MainThread]: Connection 'debug' was properly closed.
[0m11:49:43.223701 [debug] [MainThread]: Sending event: {'category': 'dbt', 'action': 'invocation', 'label': 'end', 'context': [<snowplow_tracker.self_describing_json.SelfDescribingJson object at 0x7f4581be5910>, <snowplow_tracker.self_describing_json.SelfDescribingJson object at 0x7f4581b56d20>, <snowplow_tracker.self_describing_json.SelfDescribingJson object at 0x7f4581937b90>]}
[0m11:49:43.226277 [debug] [MainThread]: Flushing usage events
[0m11:49:43.504182 [debug] [MainThread]: An error was encountered while trying to flush usage events
[0m11:50:45.649339 [debug] [MainThread]: Sending event: {'category': 'dbt', 'action': 'invocation', 'label': 'start', 'context': [<snowplow_tracker.self_describing_json.SelfDescribingJson object at 0x7fcb5ee7e540>, <snowplow_tracker.self_describing_json.SelfDescribingJson object at 0x7fcb5fdb5670>, <snowplow_tracker.self_describing_json.SelfDescribingJson object at 0x7fcb5f131820>]}


============================== 11:50:45.682445 | 1d86f9f3-5d27-450a-8614-e8112fbd8d5f ==============================
[0m11:50:45.682445 [info ] [MainThread]: Running with dbt=1.11.11
[0m11:50:45.685994 [debug] [MainThread]: running dbt with arguments {'partial_parse': 'True', 'log_format': 'default', 'cache_selected_only': 'False', 'indirect_selection': 'eager', 'quiet': 'False', 'profiles_dir': '/home/ubuntu/.dbt', 'no_print': 'None', 'empty': 'None', 'version_check': 'True', 'target_path': 'None', 'static_parser': 'True', 'invocation_command': 'dbt debug', 'warn_error': 'None', 'debug': 'False', 'introspect': 'True', 'send_anonymous_usage_stats': 'True', 'log_cache_events': 'False', 'printer_width': '80', 'use_experimental_parser': 'False', 'fail_fast': 'False', 'warn_error_options': 'WarnErrorOptionsV2(error=[], warn=[], silence=[])', 'use_colors': 'True', 'log_path': 'logs', 'write_json': 'True'}
[0m11:50:46.583521 [info ] [MainThread]: dbt version: 1.11.11
[0m11:50:46.586142 [info ] [MainThread]: python version: 3.12.3
[0m11:50:46.588898 [info ] [MainThread]: python path: /mnt/d/Practise Projects/E-commerce/venv-linux/bin/python3
[0m11:50:46.602899 [info ] [MainThread]: os info: Linux-5.15.153.1-microsoft-standard-WSL2-x86_64-with-glibc2.39
[0m11:50:48.513201 [info ] [MainThread]: Using profiles dir at /home/ubuntu/.dbt
[0m11:50:48.515542 [info ] [MainThread]: Using profiles.yml file at /home/ubuntu/.dbt/profiles.yml
[0m11:50:48.518420 [info ] [MainThread]: Using dbt_project.yml file at /mnt/d/Practise Projects/E-commerce/dbt_project.yml
[0m11:50:48.565899 [info ] [MainThread]: adapter type: postgres
[0m11:50:48.569552 [info ] [MainThread]: adapter version: 1.10.0
[0m11:50:48.573783 [info ] [MainThread]: Configuration:
[0m11:50:48.584415 [info ] [MainThread]:   profiles.yml file [[32mOK found and valid[0m]
[0m11:50:48.591115 [info ] [MainThread]:   dbt_project.yml file [[31mERROR not found[0m]
[0m11:50:48.593941 [info ] [MainThread]: Required dependencies:
[0m11:50:48.596867 [debug] [MainThread]: Executing "git --help"
[0m11:50:48.601636 [debug] [MainThread]: STDOUT: "b"usage: git [-v | --version] [-h | --help] [-C <path>] [-c <name>=<value>]\n           [--exec-path[=<path>]] [--html-path] [--man-path] [--info-path]\n           [-p | --paginate | -P | --no-pager] [--no-replace-objects] [--bare]\n           [--git-dir=<path>] [--work-tree=<path>] [--namespace=<name>]\n           [--config-env=<name>=<envvar>] <command> [<args>]\n\nThese are common Git commands used in various situations:\n\nstart a working area (see also: git help tutorial)\n   clone     Clone a repository into a new directory\n   init      Create an empty Git repository or reinitialize an existing one\n\nwork on the current change (see also: git help everyday)\n   add       Add file contents to the index\n   mv        Move or rename a file, a directory, or a symlink\n   restore   Restore working tree files\n   rm        Remove files from the working tree and from the index\n\nexamine the history and state (see also: git help revisions)\n   bisect    Use binary search to find the commit that introduced a bug\n   diff      Show changes between commits, commit and working tree, etc\n   grep      Print lines matching a pattern\n   log       Show commit logs\n   show      Show various types of objects\n   status    Show the working tree status\n\ngrow, mark and tweak your common history\n   branch    List, create, or delete branches\n   commit    Record changes to the repository\n   merge     Join two or more development histories together\n   rebase    Reapply commits on top of another base tip\n   reset     Reset current HEAD to the specified state\n   switch    Switch branches\n   tag       Create, list, delete or verify a tag object signed with GPG\n\ncollaborate (see also: git help workflows)\n   fetch     Download objects and refs from another repository\n   pull      Fetch from and integrate with another repository or a local branch\n   push      Update remote refs along with associated objects\n\n'git help -a' and 'git help -g' list available subcommands and some\nconcept guides. See 'git help <command>' or 'git help <concept>'\nto read about a specific subcommand or concept.\nSee 'git help git' for an overview of the system.\n""
[0m11:50:48.607790 [debug] [MainThread]: STDERR: "b''"
[0m11:50:48.609297 [info ] [MainThread]:  - git [[32mOK found[0m]

[0m11:50:48.617393 [info ] [MainThread]: Connection:
[0m11:50:48.621141 [info ] [MainThread]:   host: localhost
[0m11:50:48.625750 [info ] [MainThread]:   port: 5432
[0m11:50:48.629746 [info ] [MainThread]:   user: olist
[0m11:50:48.631565 [info ] [MainThread]:   database: olist_dw
[0m11:50:48.633113 [info ] [MainThread]:   schema: public
[0m11:50:48.636971 [info ] [MainThread]:   connect_timeout: 10
[0m11:50:48.645279 [info ] [MainThread]:   role: None
[0m11:50:48.649223 [info ] [MainThread]:   search_path: None
[0m11:50:48.651417 [info ] [MainThread]:   keepalives_idle: 0
[0m11:50:48.653921 [info ] [MainThread]:   sslmode: None
[0m11:50:48.657046 [info ] [MainThread]:   sslcert: None
[0m11:50:48.663798 [info ] [MainThread]:   sslkey: None
[0m11:50:48.666242 [info ] [MainThread]:   sslrootcert: None
[0m11:50:48.667854 [info ] [MainThread]:   application_name: dbt
[0m11:50:48.671761 [info ] [MainThread]:   retries: 1
[0m11:50:48.677431 [info ] [MainThread]: Registered adapter: postgres=1.10.0
[0m11:51:06.096405 [debug] [MainThread]: Acquiring new postgres connection 'debug'
[0m11:51:16.645656 [debug] [MainThread]: Using postgres connection "debug"
[0m11:51:16.649011 [debug] [MainThread]: On debug: select 1 as id
[0m11:51:16.651923 [debug] [MainThread]: Opening a new connection, currently in state init
[0m11:51:17.799836 [debug] [MainThread]: SQL status: SELECT 1 in 1.148 seconds
[0m11:51:17.804092 [debug] [MainThread]: On debug: Close
[0m11:51:17.815649 [info ] [MainThread]:   Connection test: [[32mOK connection ok[0m]

[0m11:51:17.818615 [info ] [MainThread]: [31m1 check failed:[0m
[0m11:51:17.822398 [info ] [MainThread]: Project loading failed for the following reason:
 project path </mnt/d/Practise Projects/E-commerce/dbt_project.yml> not found

[0m11:51:17.831438 [debug] [MainThread]: Resource report: {"command_name": "debug", "command_success": false, "command_wall_clock_time": 32.265118, "process_in_blocks": "31496", "process_kernel_time": 2.418261, "process_mem_max_rss": "118844", "process_out_blocks": "0", "process_user_time": 2.958706}
[0m11:51:17.837373 [debug] [MainThread]: Command `dbt debug` failed at 11:51:17.837047 after 32.27 seconds
[0m11:51:17.839691 [debug] [MainThread]: Connection 'debug' was properly closed.
[0m11:51:17.841523 [debug] [MainThread]: Sending event: {'category': 'dbt', 'action': 'invocation', 'label': 'end', 'context': [<snowplow_tracker.self_describing_json.SelfDescribingJson object at 0x7fcb5e378b30>, <snowplow_tracker.self_describing_json.SelfDescribingJson object at 0x7fcb5e378980>, <snowplow_tracker.self_describing_json.SelfDescribingJson object at 0x7fcb5e043da0>]}
[0m11:51:17.843232 [debug] [MainThread]: Flushing usage events
[0m11:51:18.149910 [debug] [MainThread]: An error was encountered while trying to flush usage events
[0m12:47:02.863052 [debug] [MainThread]: Sending event: {'category': 'dbt', 'action': 'invocation', 'label': 'start', 'context': [<snowplow_tracker.self_describing_json.SelfDescribingJson object at 0x7f0a45d6c920>, <snowplow_tracker.self_describing_json.SelfDescribingJson object at 0x7f0a45fded20>, <snowplow_tracker.self_describing_json.SelfDescribingJson object at 0x7f0a45af4290>]}


============================== 12:47:02.874872 | 3e16f4ce-0508-432e-8de9-30c328993ffc ==============================
[0m12:47:02.874872 [info ] [MainThread]: Running with dbt=1.11.11
[0m12:47:02.876157 [debug] [MainThread]: running dbt with arguments {'log_cache_events': 'False', 'invocation_command': 'dbt run --select stg_orders_enriched', 'write_json': 'True', 'warn_error_options': 'WarnErrorOptionsV2(error=[], warn=[], silence=[])', 'log_path': 'logs', 'profiles_dir': '/home/ubuntu/.dbt', 'warn_error': 'None', 'version_check': 'True', 'partial_parse': 'True', 'printer_width': '80', 'empty': 'False', 'indirect_selection': 'eager', 'fail_fast': 'False', 'static_parser': 'True', 'introspect': 'True', 'use_experimental_parser': 'False', 'no_print': 'None', 'cache_selected_only': 'False', 'quiet': 'False', 'send_anonymous_usage_stats': 'True', 'use_colors': 'True', 'target_path': 'None', 'debug': 'False', 'log_format': 'default'}
[0m12:47:02.877496 [error] [MainThread]: Encountered an error:
Runtime Error
  No dbt_project.yml found at expected path /mnt/d/Practise Projects/E-commerce/dbt_project.yml
  Verify that each entry within packages.yml (and their transitive dependencies) contains a file named dbt_project.yml
  
[0m12:47:02.880563 [debug] [MainThread]: Resource report: {"command_name": "run", "command_success": false, "command_wall_clock_time": 0.08331771, "process_in_blocks": "17360", "process_kernel_time": 0.61829, "process_mem_max_rss": "103652", "process_out_blocks": "0", "process_user_time": 1.599702}
[0m12:47:02.881689 [debug] [MainThread]: Command `dbt run` failed at 12:47:02.881596 after 0.08 seconds
[0m12:47:02.882520 [debug] [MainThread]: Sending event: {'category': 'dbt', 'action': 'invocation', 'label': 'end', 'context': [<snowplow_tracker.self_describing_json.SelfDescribingJson object at 0x7f0a45d377d0>, <snowplow_tracker.self_describing_json.SelfDescribingJson object at 0x7f0a46f02210>, <snowplow_tracker.self_describing_json.SelfDescribingJson object at 0x7f0a46783860>]}
[0m12:47:02.883468 [debug] [MainThread]: Flushing usage events
[0m12:47:03.113263 [debug] [MainThread]: An error was encountered while trying to flush usage events
[0m11:12:59.484795 [debug] [MainThread]: Sending event: {'category': 'dbt', 'action': 'invocation', 'label': 'start', 'context': [<snowplow_tracker.self_describing_json.SelfDescribingJson object at 0x7f4fe58f1c10>, <snowplow_tracker.self_describing_json.SelfDescribingJson object at 0x7f4fe3e7d8e0>, <snowplow_tracker.self_describing_json.SelfDescribingJson object at 0x7f4fe34f3b90>]}


============================== 11:12:59.501485 | 88fbe75b-9e95-4449-a06e-e81fddfb1545 ==============================
[0m11:12:59.501485 [info ] [MainThread]: Running with dbt=1.11.11
[0m11:12:59.502959 [debug] [MainThread]: running dbt with arguments {'printer_width': '80', 'indirect_selection': 'eager', 'write_json': 'True', 'log_cache_events': 'False', 'partial_parse': 'True', 'cache_selected_only': 'False', 'profiles_dir': '/home/ubuntu/.dbt', 'version_check': 'True', 'debug': 'False', 'log_path': 'logs', 'warn_error': 'None', 'fail_fast': 'False', 'use_colors': 'True', 'use_experimental_parser': 'False', 'empty': 'False', 'quiet': 'False', 'no_print': 'None', 'warn_error_options': 'WarnErrorOptionsV2(error=[], warn=[], silence=[])', 'invocation_command': 'dbt run', 'introspect': 'True', 'static_parser': 'True', 'target_path': 'None', 'log_format': 'default', 'send_anonymous_usage_stats': 'True'}
[0m11:12:59.504290 [error] [MainThread]: Encountered an error:
Runtime Error
  No dbt_project.yml found at expected path /mnt/d/Practise Projects/E-commerce/dbt_project.yml
  Verify that each entry within packages.yml (and their transitive dependencies) contains a file named dbt_project.yml
  
[0m11:12:59.507083 [debug] [MainThread]: Sending event: {'category': 'dbt', 'action': 'invocation', 'label': 'end', 'context': [<snowplow_tracker.self_describing_json.SelfDescribingJson object at 0x7f4fe35f5bb0>, <snowplow_tracker.self_describing_json.SelfDescribingJson object at 0x7f4fe3f9d460>, <snowplow_tracker.self_describing_json.SelfDescribingJson object at 0x7f4fe3f9ff80>]}
[0m11:12:59.508038 [debug] [MainThread]: Flushing usage events
[0m11:12:59.617652 [debug] [MainThread]: An error was encountered while trying to flush usage events
[0m11:41:28.451211 [debug] [MainThread]: Sending event: {'category': 'dbt', 'action': 'invocation', 'label': 'start', 'context': [<snowplow_tracker.self_describing_json.SelfDescribingJson object at 0x7f7f6276ee40>, <snowplow_tracker.self_describing_json.SelfDescribingJson object at 0x7f7f63cb4a40>, <snowplow_tracker.self_describing_json.SelfDescribingJson object at 0x7f7f641a9340>]}


============================== 11:41:28.465009 | e4bedfc1-304a-4c5c-a1c4-ef36e3d53343 ==============================
[0m11:41:28.465009 [info ] [MainThread]: Running with dbt=1.11.11
[0m11:41:28.466790 [debug] [MainThread]: running dbt with arguments {'debug': 'False', 'version_check': 'True', 'quiet': 'False', 'printer_width': '80', 'log_format': 'default', 'use_colors': 'True', 'introspect': 'True', 'static_parser': 'True', 'log_path': 'logs', 'profiles_dir': '/home/ubuntu/.dbt', 'indirect_selection': 'eager', 'warn_error_options': 'WarnErrorOptionsV2(error=[], warn=[], silence=[])', 'empty': 'False', 'send_anonymous_usage_stats': 'True', 'write_json': 'True', 'warn_error': 'None', 'use_experimental_parser': 'False', 'log_cache_events': 'False', 'no_print': 'None', 'invocation_command': 'dbt run', 'partial_parse': 'True', 'fail_fast': 'False', 'cache_selected_only': 'False', 'target_path': 'None'}
[0m11:41:28.467990 [error] [MainThread]: Encountered an error:
Runtime Error
  No dbt_project.yml found at expected path /mnt/d/Practise Projects/E-commerce/dbt_project.yml
  Verify that each entry within packages.yml (and their transitive dependencies) contains a file named dbt_project.yml
  
[0m11:41:28.470974 [debug] [MainThread]: Resource report: {"command_name": "run", "command_success": false, "command_wall_clock_time": 0.06745812, "process_in_blocks": "28808", "process_kernel_time": 0.690442, "process_mem_max_rss": "103428", "process_out_blocks": "0", "process_user_time": 1.421498}
[0m11:41:28.472436 [debug] [MainThread]: Command `dbt run` failed at 11:41:28.472172 after 0.07 seconds
[0m11:41:28.473826 [debug] [MainThread]: Sending event: {'category': 'dbt', 'action': 'invocation', 'label': 'end', 'context': [<snowplow_tracker.self_describing_json.SelfDescribingJson object at 0x7f7f61c64c20>, <snowplow_tracker.self_describing_json.SelfDescribingJson object at 0x7f7f62247e30>, <snowplow_tracker.self_describing_json.SelfDescribingJson object at 0x7f7f62212150>]}
[0m11:41:28.474886 [debug] [MainThread]: Flushing usage events
[0m11:41:28.591751 [debug] [MainThread]: An error was encountered while trying to flush usage events
